[    0.000000] Linux version 4.15.0-96-generic (buildd@lgw01-amd64-004) (gcc version 7.5.0 (Ubuntu 7.5.0-3ubuntu1~18.04)) #97-Ubuntu SMP Wed Apr 1 03:25:46 UTC 2020 (Ubuntu 4.15.0-96.97-generic 4.15.18)
[    0.000000] Command line: BOOT_IMAGE=/boot/vmlinuz-4.15.0-96-generic root=LABEL=cloudimg-rootfs ro console=tty1 console=ttyS0
[    0.000000] KERNEL supported cpus:
[    0.000000]   Intel GenuineIntel
[    0.000000]   AMD AuthenticAMD
[    0.000000]   Centaur CentaurHauls
[    0.000000] x86/fpu: Supporting XSAVE feature 0x001: 'x87 floating point registers'
[    0.000000] x86/fpu: Supporting XSAVE feature 0x002: 'SSE registers'
[    0.000000] x86/fpu: Supporting XSAVE feature 0x004: 'AVX registers'
[    0.000000] x86/fpu: xstate_offset[2]:  576, xstate_sizes[2]:  256
[    0.000000] x86/fpu: Enabled xstate features 0x7, context size is 832 bytes, using 'standard' format.
[    0.000000] e820: BIOS-provided physical RAM map:
[    0.000000] BIOS-e820: [mem 0x0000000000000000-0x000000000009fbff] usable
[    0.000000] BIOS-e820: [mem 0x000000000009fc00-0x000000000009ffff] reserved
[    0.000000] BIOS-e820: [mem 0x00000000000f0000-0x00000000000fffff] reserved
[    0.000000] BIOS-e820: [mem 0x0000000000100000-0x0000000063feffff] usable
[    0.000000] BIOS-e820: [mem 0x0000000063ff0000-0x0000000063ffffff] ACPI data
[    0.000000] BIOS-e820: [mem 0x00000000fec00000-0x00000000fec00fff] reserved
[    0.000000] BIOS-e820: [mem 0x00000000fee00000-0x00000000fee00fff] reserved
[    0.000000] BIOS-e820: [mem 0x00000000fffc0000-0x00000000ffffffff] reserved
[    0.000000] NX (Execute Disable) protection: active
[    0.000000] SMBIOS 2.5 present.
[    0.000000] DMI: innotek GmbH VirtualBox/VirtualBox, BIOS VirtualBox 12/01/2006
[    0.000000] Hypervisor detected: KVM
[    0.000000] e820: last_pfn = 0x63ff0 max_arch_pfn = 0x400000000
[    0.000000] MTRR: Disabled
[    0.000000] x86/PAT: MTRRs disabled, skipping PAT initialization too.
[    0.000000] CPU MTRRs all blank - virtualized system.
[    0.000000] x86/PAT: Configuration [0-7]: WB  WT  UC- UC  WB  WT  UC- UC  
[    0.000000] found SMP MP-table at [mem 0x0009fff0-0x0009ffff]
[    0.000000] Scanning 1 areas for low memory corruption
[    0.000000] RAMDISK: [mem 0x35a6b000-0x36d2cfff]
[    0.000000] ACPI: Early table checksum verification disabled
[    0.000000] ACPI: RSDP 0x00000000000E0000 000024 (v02 VBOX  )
[    0.000000] ACPI: XSDT 0x0000000063FF0030 00003C (v01 VBOX   VBOXXSDT 00000001 ASL  00000061)
[    0.000000] ACPI: FACP 0x0000000063FF00F0 0000F4 (v04 VBOX   VBOXFACP 00000001 ASL  00000061)
[    0.000000] ACPI: DSDT 0x0000000063FF0470 002325 (v02 VBOX   VBOXBIOS 00000002 INTL 20200430)
[    0.000000] ACPI: FACS 0x0000000063FF0200 000040
[    0.000000] ACPI: FACS 0x0000000063FF0200 000040
[    0.000000] ACPI: APIC 0x0000000063FF0240 000054 (v02 VBOX   VBOXAPIC 00000001 ASL  00000061)
[    0.000000] ACPI: SSDT 0x0000000063FF02A0 0001CC (v01 VBOX   VBOXCPUT 00000002 INTL 20200430)
[    0.000000] No NUMA configuration found
[    0.000000] Faking a node at [mem 0x0000000000000000-0x0000000063feffff]
[    0.000000] NODE_DATA(0) allocated [mem 0x63fc5000-0x63feffff]
[    0.000000] kvm-clock: cpu 0, msr 0:63f44001, primary cpu clock
[    0.000000] kvm-clock: Using msrs 4b564d01 and 4b564d00
[    0.000000] kvm-clock: using sched offset of 3679477029 cycles
[    0.000000] clocksource: kvm-clock: mask: 0xffffffffffffffff max_cycles: 0x1cd42e4dffb, max_idle_ns: 881590591483 ns
[    0.000000] Zone ranges:
[    0.000000]   DMA      [mem 0x0000000000001000-0x0000000000ffffff]
[    0.000000]   DMA32    [mem 0x0000000001000000-0x0000000063feffff]
[    0.000000]   Normal   empty
[    0.000000]   Device   empty
[    0.000000] Movable zone start for each node
[    0.000000] Early memory node ranges
[    0.000000]   node   0: [mem 0x0000000000001000-0x000000000009efff]
[    0.000000]   node   0: [mem 0x0000000000100000-0x0000000063feffff]
[    0.000000] Reserved but unavailable: 98 pages
[    0.000000] Initmem setup node 0 [mem 0x0000000000001000-0x0000000063feffff]
[    0.000000] ACPI: PM-Timer IO Port: 0x4008
[    0.000000] IOAPIC[0]: apic_id 1, version 32, address 0xfec00000, GSI 0-23
[    0.000000] ACPI: INT_SRC_OVR (bus 0 bus_irq 0 global_irq 2 dfl dfl)
[    0.000000] ACPI: INT_SRC_OVR (bus 0 bus_irq 9 global_irq 9 low level)
[    0.000000] Using ACPI (MADT) for SMP configuration information
[    0.000000] smpboot: Allowing 1 CPUs, 0 hotplug CPUs
[    0.000000] PM: Registered nosave memory: [mem 0x00000000-0x00000fff]
[    0.000000] PM: Registered nosave memory: [mem 0x0009f000-0x0009ffff]
[    0.000000] PM: Registered nosave memory: [mem 0x000a0000-0x000effff]
[    0.000000] PM: Registered nosave memory: [mem 0x000f0000-0x000fffff]
[    0.000000] e820: [mem 0x64000000-0xfebfffff] available for PCI devices
[    0.000000] Booting paravirtualized kernel on KVM
[    0.000000] clocksource: refined-jiffies: mask: 0xffffffff max_cycles: 0xffffffff, max_idle_ns: 7645519600211568 ns
[    0.000000] random: get_random_bytes called from start_kernel+0x99/0x4fd with crng_init=0
[    0.000000] setup_percpu: NR_CPUS:8192 nr_cpumask_bits:1 nr_cpu_ids:1 nr_node_ids:1
[    0.000000] percpu: Embedded 45 pages/cpu s147456 r8192 d28672 u2097152
[    0.000000] PV qspinlock hash table entries: 256 (order: 0, 4096 bytes)
[    0.000000] Built 1 zonelists, mobility grouping on.  Total pages: 403065
[    0.000000] Policy zone: DMA32
[    0.000000] Kernel command line: BOOT_IMAGE=/boot/vmlinuz-4.15.0-96-generic root=LABEL=cloudimg-rootfs ro console=tty1 console=ttyS0
[    0.000000] Memory: 1562824K/1637944K available (12300K kernel code, 2481K rwdata, 4264K rodata, 2432K init, 2712K bss, 75120K reserved, 0K cma-reserved)
[    0.000000] SLUB: HWalign=64, Order=0-3, MinObjects=0, CPUs=1, Nodes=1
[    0.000000] Kernel/User page tables isolation: enabled
[    0.000000] ftrace: allocating 39351 entries in 154 pages
[    0.004000] Hierarchical RCU implementation.
[    0.004000] 	RCU restricting CPUs from NR_CPUS=8192 to nr_cpu_ids=1.
[    0.004000] 	Tasks RCU enabled.
[    0.004000] RCU: Adjusting geometry for rcu_fanout_leaf=16, nr_cpu_ids=1
[    0.004000] NR_IRQS: 524544, nr_irqs: 256, preallocated irqs: 16
[    0.004000] Console: colour VGA+ 80x25
[    0.004000] console [tty1] enabled
[    0.004000] console [ttyS0] enabled
[    0.004000] ACPI: Core revision 20170831
[    0.004000] ACPI: 2 ACPI AML tables successfully acquired and loaded
[    0.004000] APIC: Switch to symmetric I/O mode setup
[    0.004000] x2apic enabled
[    0.004000] Switched APIC routing to physical x2apic.
[    0.004000] ..TIMER: vector=0x30 apic1=0 pin1=2 apic2=-1 pin2=-1
[    0.004003] tsc: Detected 2591.998 MHz processor
[    0.004527] Calibrating delay loop (skipped) preset value.. 5183.99 BogoMIPS (lpj=10367992)
[    0.004968] pid_max: default: 32768 minimum: 301
[    0.005641] Security Framework initialized
[    0.008002] Yama: becoming mindful.
[    0.008500] AppArmor: AppArmor initialized
[    0.009688] Dentry cache hash table entries: 262144 (order: 9, 2097152 bytes)
[    0.010966] Inode-cache hash table entries: 131072 (order: 8, 1048576 bytes)
[    0.012015] Mount-cache hash table entries: 4096 (order: 3, 32768 bytes)
[    0.012737] Mountpoint-cache hash table entries: 4096 (order: 3, 32768 bytes)
[    0.013837] process: using mwait in idle threads
[    0.014373] Last level iTLB entries: 4KB 64, 2MB 8, 4MB 8
[    0.015017] Last level dTLB entries: 4KB 64, 2MB 0, 4MB 0, 1GB 4
[    0.015705] Spectre V1 : Mitigation: usercopy/swapgs barriers and __user pointer sanitization
[    0.016002] Spectre V2 : Mitigation: Full generic retpoline
[    0.016756] Spectre V2 : Spectre v2 / SpectreRSB mitigation: Filling RSB on context switch
[    0.017689] Speculative Store Bypass: Vulnerable
[    0.018249] MDS: Vulnerable: Clear CPU buffers attempted, no microcode
[    0.033326] Freeing SMP alternatives memory: 36K
[    0.142796] smpboot: CPU0: Intel(R) Core(TM) i7-6700HQ CPU @ 2.60GHz (family: 0x6, model: 0x5e, stepping: 0x3)
[    0.144000] Performance Events: unsupported p6 CPU model 94 no PMU driver, software events only.
[    0.144000] Hierarchical SRCU implementation.
[    0.144000] NMI watchdog: Perf event create on CPU 0 failed with -2
[    0.144002] NMI watchdog: Perf NMI watchdog permanently disabled
[    0.144711] smp: Bringing up secondary CPUs ...
[    0.145231] smp: Brought up 1 node, 1 CPU
[    0.145721] smpboot: Max logical packages: 1
[    0.146409] smpboot: Total of 1 processors activated (5183.99 BogoMIPS)
[    0.147372] devtmpfs: initialized
[    0.148046] x86/mm: Memory block size: 128MB
[    0.148876] evm: security.selinux
[    0.149422] evm: security.SMACK64
[    0.149991] evm: security.SMACK64EXEC
[    0.150607] evm: security.SMACK64TRANSMUTE
[    0.151247] evm: security.SMACK64MMAP
[    0.152003] evm: security.apparmor
[    0.152568] evm: security.ima
[    0.153155] evm: security.capability
[    0.153743] clocksource: jiffies: mask: 0xffffffff max_cycles: 0xffffffff, max_idle_ns: 7645041785100000 ns
[    0.155039] futex hash table entries: 256 (order: 2, 16384 bytes)
[    0.155899] pinctrl core: initialized pinctrl subsystem
[    0.156081] RTC time:  8:48:58, date: 05/30/20
[    0.156959] NET: Registered protocol family 16
[    0.157620] audit: initializing netlink subsys (disabled)
[    0.158499] cpuidle: using governor ladder
[    0.160002] cpuidle: using governor menu
[    0.160686] ACPI: bus type PCI registered
[    0.161314] acpiphp: ACPI Hot Plug PCI Controller Driver version: 0.5
[    0.162334] PCI: Using configuration type 1 for base access
[    0.163188] audit: type=2000 audit(1590828544.045:1): state=initialized audit_enabled=0 res=1
[    0.164858] HugeTLB registered 2.00 MiB page size, pre-allocated 0 pages
[    0.165923] ACPI: Added _OSI(Module Device)
[    0.166671] ACPI: Added _OSI(Processor Device)
[    0.168004] ACPI: Added _OSI(3.0 _SCP Extensions)
[    0.168700] ACPI: Added _OSI(Processor Aggregator Device)
[    0.169606] ACPI: Added _OSI(Linux-Dell-Video)
[    0.170261] ACPI: Added _OSI(Linux-Lenovo-NV-HDMI-Audio)
[    0.171137] ACPI: Added _OSI(Linux-HPI-Hybrid-Graphics)
[    0.172196] ACPI: Executed 1 blocks of module-level executable AML code
[    0.176359] ACPI: Interpreter enabled
[    0.176981] ACPI: (supports S0 S5)
[    0.177545] ACPI: Using IOAPIC for interrupt routing
[    0.178429] PCI: Using host bridge windows from ACPI; if necessary, use "pci=nocrs" and report a bug
[    0.179700] ACPI: Enabled 2 GPEs in block 00 to 07
[    0.185244] ACPI: PCI Root Bridge [PCI0] (domain 0000 [bus 00-ff])
[    0.186176] acpi PNP0A03:00: _OSC: OS supports [ASPM ClockPM Segments MSI]
[    0.187546] acpi PNP0A03:00: _OSC: not requesting OS control; OS requires [ExtendedConfig ASPM ClockPM MSI]
[    0.188010] acpi PNP0A03:00: fail to add MMCONFIG information, can't access extended PCI configuration space under this bridge.
[    0.189727] PCI host bridge to bus 0000:00
[    0.190429] pci_bus 0000:00: root bus resource [io  0x0000-0x0cf7 window]
[    0.192003] pci_bus 0000:00: root bus resource [io  0x0d00-0xffff window]
[    0.192932] pci_bus 0000:00: root bus resource [mem 0x000a0000-0x000bffff window]
[    0.193917] pci_bus 0000:00: root bus resource [mem 0x64000000-0xfdffffff window]
[    0.194982] pci_bus 0000:00: root bus resource [bus 00-ff]
[    0.197233] pci 0000:00:01.1: legacy IDE quirk: reg 0x10: [io  0x01f0-0x01f7]
[    0.198228] pci 0000:00:01.1: legacy IDE quirk: reg 0x14: [io  0x03f6]
[    0.199115] pci 0000:00:01.1: legacy IDE quirk: reg 0x18: [io  0x0170-0x0177]
[    0.200002] pci 0000:00:01.1: legacy IDE quirk: reg 0x1c: [io  0x0376]
[    0.212652] pci 0000:00:07.0: quirk: [io  0x4000-0x403f] claimed by PIIX4 ACPI
[    0.213759] pci 0000:00:07.0: quirk: [io  0x4100-0x410f] claimed by PIIX4 SMB
[    0.219913] ACPI: PCI Interrupt Link [LNKA] (IRQs 5 9 10 *11)
[    0.220256] ACPI: PCI Interrupt Link [LNKB] (IRQs 5 9 *10 11)
[    0.221262] ACPI: PCI Interrupt Link [LNKC] (IRQs 5 *9 10 11)
[    0.222160] ACPI: PCI Interrupt Link [LNKD] (IRQs 5 9 10 *11)
[    0.223308] SCSI subsystem initialized
[    0.224096] pci 0000:00:02.0: vgaarb: setting as boot VGA device
[    0.225924] pci 0000:00:02.0: vgaarb: VGA device added: decodes=io+mem,owns=io+mem,locks=none
[    0.228004] pci 0000:00:02.0: vgaarb: bridge control possible
[    0.228845] vgaarb: loaded
[    0.229409] ACPI: bus type USB registered
[    0.230071] usbcore: registered new interface driver usbfs
[    0.230898] usbcore: registered new interface driver hub
[    0.232011] usbcore: registered new device driver usb
[    0.232813] EDAC MC: Ver: 3.0.0
[    0.233615] PCI: Using ACPI for IRQ routing
[    0.234506] NetLabel: Initializing
[    0.235086] NetLabel:  domain hash size = 128
[    0.236002] NetLabel:  protocols = UNLABELED CIPSOv4 CALIPSO
[    0.236798] NetLabel:  unlabeled traffic allowed by default
[    0.237806] clocksource: Switched to clocksource kvm-clock
[    0.245748] VFS: Disk quotas dquot_6.6.0
[    0.246522] VFS: Dquot-cache hash table entries: 512 (order 0, 4096 bytes)
[    0.247473] AppArmor: AppArmor Filesystem Enabled
[    0.248142] pnp: PnP ACPI init
[    0.249262] pnp: PnP ACPI: found 3 devices
[    0.255242] clocksource: acpi_pm: mask: 0xffffff max_cycles: 0xffffff, max_idle_ns: 2085701024 ns
[    0.256484] NET: Registered protocol family 2
[    0.257186] TCP established hash table entries: 16384 (order: 5, 131072 bytes)
[    0.258112] TCP bind hash table entries: 16384 (order: 6, 262144 bytes)
[    0.258908] TCP: Hash tables configured (established 16384 bind 16384)
[    0.259753] UDP hash table entries: 1024 (order: 3, 32768 bytes)
[    0.260566] UDP-Lite hash table entries: 1024 (order: 3, 32768 bytes)
[    0.261370] NET: Registered protocol family 1
[    0.262016] pci 0000:00:00.0: Limiting direct PCI/PCI transfers
[    0.262846] pci 0000:00:01.0: Activating ISA DMA hang workarounds
[    0.263670] pci 0000:00:02.0: Video device with shadowed ROM at [mem 0x000c0000-0x000dffff]
[    0.264815] Unpacking initramfs...
[    0.501618] Freeing initrd memory: 19208K
[    0.509227] clocksource: tsc: mask: 0xffffffffffffffff max_cycles: 0x255cb518234, max_idle_ns: 440795279333 ns
[    0.510461] platform rtc_cmos: registered platform RTC device (no PNP device found)
[    0.511369] Scanning for low memory corruption every 60 seconds
[    0.512705] Initialise system trusted keyrings
[    0.513362] Key type blacklist registered
[    0.513944] workingset: timestamp_bits=36 max_order=19 bucket_order=0
[    0.515479] zbud: loaded
[    0.516271] squashfs: version 4.0 (2009/01/31) Phillip Lougher
[    0.517216] fuse init (API version 7.26)
[    0.518354] Key type asymmetric registered
[    0.518936] Asymmetric key parser 'x509' registered
[    0.519571] Block layer SCSI generic (bsg) driver version 0.4 loaded (major 246)
[    0.520535] io scheduler noop registered
[    0.521060] io scheduler deadline registered
[    0.521629] io scheduler cfq registered (default)
[    0.522381] ACPI: AC Adapter [AC] (on-line)
[    0.522974] input: Power Button as /devices/LNXSYSTM:00/LNXPWRBN:00/input/input0
[    0.523895] ACPI: Power Button [PWRF]
[    0.524511] input: Sleep Button as /devices/LNXSYSTM:00/LNXSLPBN:00/input/input1
[    0.525381] ACPI: Sleep Button [SLPF]
[    0.526549] virtio-pci 0000:00:03.0: virtio_pci: leaving for legacy driver
[    0.527873] virtio-pci 0000:00:08.0: virtio_pci: leaving for legacy driver
[    0.528803] Serial: 8250/16550 driver, 32 ports, IRQ sharing enabled
[    0.550189] 00:02: ttyS0 at I/O 0x3f8 (irq = 4, base_baud = 115200) is a 16550A
[    0.552213] Linux agpgart interface v0.103
[    0.553606] loop: module loaded
[    0.554399] scsi host0: ata_piix
[    0.554990] scsi host1: ata_piix
[    0.555438] ata1: PATA max UDMA/33 cmd 0x1f0 ctl 0x3f6 bmdma 0xd000 irq 14
[    0.556388] ata2: PATA max UDMA/33 cmd 0x170 ctl 0x376 bmdma 0xd008 irq 15
[    0.558553] libphy: Fixed MDIO Bus: probed
[    0.559838] tun: Universal TUN/TAP device driver, 1.6
[    0.561029] PPP generic driver version 2.4.2
[    0.561706] ehci_hcd: USB 2.0 'Enhanced' Host Controller (EHCI) Driver
[    0.562612] ehci-pci: EHCI PCI platform driver
[    0.563245] ehci-platform: EHCI generic platform driver
[    0.563862] ohci_hcd: USB 1.1 'Open' Host Controller (OHCI) Driver
[    0.564692] ohci-pci: OHCI PCI platform driver
[    0.565275] ohci-platform: OHCI generic platform driver
[    0.566026] uhci_hcd: USB Universal Host Controller Interface driver
[    0.567027] i8042: PNP: PS/2 Controller [PNP0303:PS2K,PNP0f03:PS2M] at 0x60,0x64 irq 1,12
[    0.568389] serio: i8042 KBD port at 0x60,0x64 irq 1
[    0.569043] serio: i8042 AUX port at 0x60,0x64 irq 12
[    0.569776] mousedev: PS/2 mouse device common for all mice
[    0.570670] input: AT Translated Set 2 keyboard as /devices/platform/i8042/serio0/input/input2
[    0.572023] rtc_cmos rtc_cmos: rtc core: registered rtc_cmos as rtc0
[    0.572870] rtc_cmos rtc_cmos: alarms up to one day, 114 bytes nvram
[    0.573678] i2c /dev entries driver
[    0.574212] device-mapper: uevent: version 1.0.3
[    0.574853] device-mapper: ioctl: 4.37.0-ioctl (2017-09-20) initialised: dm-devel@redhat.com
[    0.575869] ledtrig-cpu: registered to indicate activity on CPUs
[    0.576723] intel_pmc_core:  initialized
[    0.577442] NET: Registered protocol family 10
[    0.580655] Segment Routing with IPv6
[    0.581239] NET: Registered protocol family 17
[    0.581946] Key type dns_resolver registered
[    0.582630] mce: Using 0 MCE banks
[    0.583132] RAS: Correctable Errors collector initialized.
[    0.583865] sched_clock: Marking stable (580372924, 0)->(688552746, -108179822)
[    0.585031] registered taskstats version 1
[    0.585734] Loading compiled-in X.509 certificates
[    0.588160] Loaded X.509 cert 'Build time autogenerated kernel key: 244b473b43e18b01f00e37a87f2ecd28620f0244'
[    0.589803] zswap: loaded using pool lzo/zbud
[    0.593026] Key type big_key registered
[    0.593668] Key type trusted registered
[    0.595339] Key type encrypted registered
[    0.595988] AppArmor: AppArmor sha1 policy hashing enabled
[    0.596948] ima: No TPM chip found, activating TPM-bypass! (rc=-19)
[    0.598021] ima: Allocated hash algorithm: sha1
[    0.598897] evm: HMAC attrs: 0x1
[    0.599617]   Magic number: 4:882:827
[    0.600391] misc hw_random: hash matches
[    0.601095] rtc_cmos rtc_cmos: setting system clock to 2020-05-30 08:48:59 UTC (1590828539)
[    0.602498] BIOS EDD facility v0.16 2004-Jun-25, 0 devices found
[    0.603429] EDD information not available.
[    0.748842] Freeing unused kernel image memory: 2432K
[    0.756030] Write protecting the kernel read-only data: 20480k
[    0.757623] Freeing unused kernel image memory: 2008K
[    0.759063] Freeing unused kernel image memory: 1880K
[    0.767022] x86/mm: Checked W+X mappings: passed, no W+X pages found.
[    0.768123] x86/mm: Checking user space page tables
[    0.774141] x86/mm: Checked W+X mappings: passed, no W+X pages found.
Loading, please wait...
starting version 237
[    0.852517] Fusion MPT base driver 3.04.20
[    0.853238] Copyright (c) 1999-2008 LSI Corporation
[    0.861879] Fusion MPT SPI Host driver 3.04.20
[    0.881403] mptbase: ioc0: Initiating bringup
[    0.889607] AVX2 version of gcm_enc/dec engaged.
[    0.890370] AES CTR mode by8 optimization enabled
[    0.903797] virtio_net virtio0 enp0s3: renamed from eth0
[    0.905292] virtio_net virtio1 enp0s8: renamed from eth1
[    0.976426] ioc0: LSI53C1030 A0: Capabilities={Initiator}
[    1.066488] input: ImExPS/2 Generic Explorer Mouse as /devices/platform/i8042/serio1/input/input4
[    1.224598] scsi host2: ioc0: LSI53C1030 A0, FwRev=00000000h, Ports=1, MaxQ=256, IRQ=20
[    1.392982] scsi 2:0:0:0: Direct-Access     VBOX     HARDDISK         1.0  PQ: 0 ANSI: 5
[    1.397545] scsi target2:0:0: Beginning Domain Validation
[    1.401831] scsi target2:0:0: Domain Validation skipping write tests
[    1.404619] scsi target2:0:0: Ending Domain Validation
[    1.407151] scsi target2:0:0: asynchronous
[    1.409313] random: fast init done
[    1.411754] scsi 2:0:1:0: Direct-Access     VBOX     HARDDISK         1.0  PQ: 0 ANSI: 5
[    1.415535] scsi target2:0:1: Beginning Domain Validation
[    1.420123] scsi target2:0:1: Domain Validation skipping write tests
[    1.422915] scsi target2:0:1: Ending Domain Validation
[    1.426613] scsi target2:0:1: asynchronous
[    1.428637] scsi 2:0:2:0: Direct-Access     VBOX     HARDDISK         1.0  PQ: 0 ANSI: 5
[    1.430781] scsi target2:0:2: Beginning Domain Validation
[    1.433209] scsi target2:0:2: Domain Validation skipping write tests
[    1.434614] scsi target2:0:2: Ending Domain Validation
[    1.435761] scsi target2:0:2: asynchronous
[    1.440406] random: systemd-udevd: uninitialized urandom read (16 bytes read)
[    1.441670] random: systemd-udevd: uninitialized urandom read (16 bytes read)
[    1.442925] random: systemd-udevd: uninitialized urandom read (16 bytes read)
[    1.444307] sd 2:0:0:0: Attached scsi generic sg0 type 0
[    1.446066] sd 2:0:0:0: [sda] 20971520 512-byte logical blocks: (10.7 GB/10.0 GiB)
[    1.447476] sd 2:0:0:0: [sda] Write Protect is off
[    1.448932] sd 2:0:0:0: [sda] Incomplete mode parameter data
[    1.449949] sd 2:0:0:0: [sda] Assuming drive cache: write through
[    1.452292] sd 2:0:1:0: [sdb] 20480 512-byte logical blocks: (10.5 MB/10.0 MiB)
[    1.453847] sd 2:0:1:0: [sdb] Write Protect is off
[    1.454851] sd 2:0:1:0: Attached scsi generic sg1 type 0
[    1.455842] sd 2:0:1:0: [sdb] Incomplete mode parameter data
[    1.456894] sd 2:0:1:0: [sdb] Assuming drive cache: write through
[    1.459255] sd 2:0:2:0: Attached scsi generic sg2 type 0
[    1.460603] sd 2:0:2:0: [sdc] 62914560 512-byte logical blocks: (32.2 GB/30.0 GiB)
[    1.461927] sd 2:0:2:0: [sdc] Write Protect is off
[    1.462916] sd 2:0:2:0: [sdc] Incomplete mode parameter data
[    1.463801] sd 2:0:2:0: [sdc] Assuming drive cache: write through
[    1.466057] sd 2:0:2:0: [sdc] Attached SCSI disk
[    1.496535]  sda: sda1
[    1.497641] sd 2:0:0:0: [sda] Attached SCSI disk
[    1.509741] sd 2:0:1:0: [sdb] Attached SCSI disk
Begin: Loading essential drivers ... [    2.961914] raid6: sse2x1   gen() 12869 MB/s
[    3.028306] raid6: sse2x1   xor()  9359 MB/s
[    3.102778] raid6: sse2x2   gen() 18017 MB/s
[    3.172934] raid6: sse2x2   xor() 10653 MB/s
[    3.236332] raid6: sse2x4   gen() 16069 MB/s
[    3.303553] raid6: sse2x4   xor() 11202 MB/s
[    3.372285] raid6: avx2x1   gen() 26933 MB/s
[    3.435554] raid6: avx2x1   xor() 15976 MB/s
[    3.496420] raid6: avx2x2   gen() 27364 MB/s
[    3.559008] raid6: avx2x2   xor() 21339 MB/s
[    3.636202] raid6: avx2x4   gen() 40655 MB/s
[    3.705279] raid6: avx2x4   xor() 21818 MB/s
[    3.706469] raid6: using algorithm avx2x4 gen() 40655 MB/s
[    3.707319] raid6: .... xor() 21818 MB/s, rmw enabled
[    3.708034] raid6: using avx2x2 recovery algorithm
[    3.710431] xor: automatically using best checksumming function   avx       
[    3.713313] async_tx: api initialized (async)
done.
Begin: Running /scripts/init-premount ... done.
Begin: Mounting root file system ... Begin: Running /scripts/local-top ... done.
Begin: Running /scripts/local-premount ... [    3.758024] Btrfs loaded, crc32c=crc32c-intel
Scanning for Btrfs filesystems
done.
Warning: fsck not present, so skipping root file system
[    3.857621] EXT4-fs (sda1): mounted filesystem with ordered data mode. Opts: (null)
done.
Begin: Running /scripts/local-bottom ... done.
Begin: Running /scripts/init-bottom ... done.
[    4.649026] ip_tables: (C) 2000-2006 Netfilter Core Team
[    4.730179] systemd[1]: systemd 237 running in system mode. (+PAM +AUDIT +SELINUX +IMA +APPARMOR +SMACK +SYSVINIT +UTMP +LIBCRYPTSETUP +GCRYPT +GNUTLS +ACL +XZ +LZ4 +SECCOMP +BLKID +ELFUTILS +KMOD -IDN2 +IDN -PCRE2 default-hierarchy=hybrid)
[    4.741666] systemd[1]: Detected virtualization oracle.
[    4.744548] systemd[1]: Detected architecture x86-64.

Welcome to [1mUbuntu 18.04.4 LTS[0m!

[    4.781212] systemd[1]: Set hostname to <ubuntu>.
[    4.820936] systemd[1]: Initializing machine ID from random generator.
[    4.824755] systemd[1]: Installed transient /etc/machine-id file.
[    5.509945] random: crng init done
[    5.512221] random: 7 urandom warning(s) missed due to ratelimiting
[    6.115192] systemd[1]: Reached target Swap.
[[0;32m  OK  [0m] Reached target Swap.
[    6.116865] systemd[1]: Created slice System Slice.
[[0;32m  OK  [0m] Created slice System Slice.
[    6.118003] systemd[1]: Listening on Journal Socket.
[[0;32m  OK  [0m] Listening on Journal Socket.
[    6.119707] systemd[1]: Mounting Kernel Debug File System...
         Mounting Kernel Debug File System...
[[0;32m  OK  [0m] Listening on Syslog Socket.
[[0;32m  OK  [0m] Listening on LVM2 poll daemon socket.
         Starting Uncomplicated firewall...
         Starting Load Kernel Modules...
[[0;32m  OK  [0m] Listening on Journal Audit Socket.
[[0;32m  OK  [0m] Listening on Journal Socket (/dev/log).
         Starting Journal Service...
         Starting Create list of required stâ€¦ce nodes for the current kernel...
[[0;32m  OK  [0m] Listening on LVM2 metadata daemon socket.
[[0;32m  OK  [0m] Listening on /dev/initctl Compatibility Named Pipe.
[[0;32m  OK  [0m] Listening on Network Service Netlink Socket.
[[0;32m  OK  [0m] Listening on udev Kernel Socket.
         Mounting POSIX Message Queue File System...
[[0;32m  OK  [0m] Reached target User and Group Name Lookups.
[[0;32m  OK  [0m] Set up automount Arbitrary Executabâ€¦rmats File System Automount Point.
[    6.237613] Loading iSCSI transport class v2.0-870.
[[0;32m  OK  [0m] Listening on Device-mapper event daemon FIFOs.
[[0;32m  OK  [0m] Started Forward Password Requests to Wall Directory Watch.
         Mounting Huge Pages File System...
         Starting Set the console keyboard layout...
[[0;32m  OK  [0m] Reached target System Time Synchronized.
         Starting Monitoring of LVM2 mirrorsâ€¦ng dmeventd or progress polling...
[[0;32m  OK  [0m] Listening on udev Control Socket.
         Starting udev Coldplug all Devices...
[[0;32m  OK  [0m] Created slice system-serial\x2dgetty.slice.
[[0;32m  OK  [0m] Created slice User and Session Slice.
[[0;32m  OK  [0m] Reached target Slices.
         Starting Remount Root and Kernel File Systems...
[[0;32m  OK  [0m] Started Journal Service.
[[0;32m  OK  [0m] Mounted Kernel Debug File System.
[[0;32m  OK  [0m] Started Uncomplicated firewall.
[[0;32m  OK  [0m] Started Create list of required staâ€¦vice nodes for the current kernel.
[[0;32m  OK  [0m] Mounted POSIX Message Queue File System.
[[0;32m  OK  [0m] Mounted Huge Pages File System.
         Starting Create Static Device Nodes in /dev...
[    6.318283] iscsi: registered transport (tcp)
[    6.541744] EXT4-fs (sda1): re-mounted. Opts: (null)
[[0;32m  OK  [0m] Started Remount Root and Kernel File Systems.
[    6.608834] iscsi: registered transport (iser)
         Starting Load/Save Random Seed...
         Starting Flush Journal to Persistent Storage...
[[0;32m  OK  [0m] Started Load Kernel Modules.
[[0;32m  OK  [0m] Started udev Coldplug all Devices.
[[0;32m  OK  [0m] Started Create Static Device Nodes in /dev.
[[0;32m  OK  [0m] Started LVM2 metadata daemon.
         Starting udev Kernel Device Manager...
         Starting Apply Kernel Variables...
         Mounting FUSE Control File System...
         Mounting Kernel Configuration File System...
[    6.772312] systemd-journald[388]: Received request to flush runtime journal from PID 1
[[0;32m  OK  [0m] Mounted FUSE Control File System.
[[0;32m  OK  [0m] Mounted Kernel Configuration File System.
[[0;32m  OK  [0m] Started Load/Save Random Seed.
[[0;32m  OK  [0m] Started Set the console keyboard layout.
[[0;32m  OK  [0m] Started Apply Kernel Variables.
[[0;32m  OK  [0m] Started Monitoring of LVM2 mirrors,â€¦sing dmeventd or progress polling.
[[0;32m  OK  [0m] Reached target Local File Systems (Pre).
[[0;32m  OK  [0m] Reached target Local File Systems.
         Starting AppArmor initialization...
         Starting Commit a transient machine-id on disk...
         Starting ebtables ruleset management...
         Starting Set console font and keymap...
         Starting Tell Plymouth To Write Out Runtime Data...
[[0;32m  OK  [0m] Started Flush Journal to Persistent Storage.
         Starting Create Volatile Files and Directories...
[[0;32m  OK  [0m] Started Set console font and keymap.
[[0;32m  OK  [0m] Started Tell Plymouth To Write Out Runtime Data.
[[0;32m  OK  [0m] Started Commit a transient machine-id on disk.
[[0;32m  OK  [0m] Started udev Kernel Device Manager.
[[0;32m  OK  [0m] Started Dispatch Password Requests to Console Directory Watch.
[[0;32m  OK  [0m] Reached target Local Encrypted Volumes.
[[0;32m  OK  [0m] Started Create Volatile Files and Directories.
         Starting Update UTMP about System Boot/Shutdown...
[[0;32m  OK  [0m] Started Update UTMP about System Boot/Shutdown.
[[0;32m  OK  [0m] Started ebtables ruleset management.
[[0;32m  OK  [0m] Found device /dev/ttyS0.
[[0;32m  OK  [0m] Listening on Load/Save RF Kill Switch Status /dev/rfkill Watch.
[[0;32m  OK  [0m] Started AppArmor initialization.
         Starting Initial cloud-init job (pre-networking)...
[   12.255125] cloud-init[558]: Cloud-init v. 19.4-33-gbb4131a2-0ubuntu1~18.04.1 running 'init-local' at Sat, 30 May 2020 08:49:10 +0000. Up 11.71 seconds.
[[0;32m  OK  [0m] Started Initial cloud-init job (pre-networking).
[[0;32m  OK  [0m] Reached target Network (Pre).
         Starting Network Service...
[[0;32m  OK  [0m] Started Network Service.
         Starting Wait for Network to be Configured...
         Starting Network Name Resolution...
[[0;32m  OK  [0m] Started Network Name Resolution.
[[0;32m  OK  [0m] Reached target Host and Network Name Lookups.
[[0;32m  OK  [0m] Reached target Network.
[[0;32m  OK  [0m] Started Wait for Network to be Configured.
         Starting Initial cloud-init job (metadata service crawler)...
[   14.846968] cloud-init[675]: Cloud-init v. 19.4-33-gbb4131a2-0ubuntu1~18.04.1 running 'init' at Sat, 30 May 2020 08:49:13 +0000. Up 14.60 seconds.
[   14.848130] cloud-init[675]: ci-info: ++++++++++++++++++++++++++++++++++++++Net device info+++++++++++++++++++++++++++++++++++++++
[   14.848972] cloud-init[675]: ci-info: +--------+-------+----------------------------+---------------+--------+-------------------+
[   14.849828] cloud-init[675]: ci-info: | Device |   Up  |          Address           |      Mask     | Scope  |     Hw-Address    |
[   14.851547] cloud-init[675]: ci-info: +--------+-------+----------------------------+---------------+--------+-------------------+
[   14.853968] cloud-init[675]: ci-info: | enp0s3 |  True |         10.0.2.15          | 255.255.255.0 | global | 02:a1:1e:44:dc:c7 |
[   14.855609] cloud-init[675]: ci-info: | enp0s3 |  True | fe80::a1:1eff:fe44:dcc7/64 |       .       |  link  | 02:a1:1e:44:dc:c7 |
[   14.856564] cloud-init[675]: ci-info: | enp0s8 | False |             .              |       .       |   .    | 08:00:27:88:1d:32 |
[   14.857452] cloud-init[675]: ci-info: |   lo   |  True |         127.0.0.1          |   255.0.0.0   |  host  |         .         |
[   14.858302] cloud-init[675]: ci-info: |   lo   |  True |          ::1/128           |       .       |  host  |         .         |
[   14.859187] cloud-init[675]: ci-info: +--------+-------+----------------------------+---------------+--------+-------------------+
[   14.860192] cloud-init[675]: ci-info: ++++++++++++++++++++++++++++Route IPv4 info+++++++++++++++++++++++++++++
[   14.861072] cloud-init[675]: ci-info: +-------+-------------+----------+-----------------+-----------+-------+
[   14.861854] cloud-init[675]: ci-info: | Route | Destination | Gateway  |     Genmask     | Interface | Flags |
[   14.862641] cloud-init[675]: ci-info: +-------+-------------+----------+-----------------+-----------+-------+
[   14.863594] cloud-init[675]: ci-info: |   0   |   0.0.0.0   | 10.0.2.2 |     0.0.0.0     |   enp0s3  |   UG  |
[   14.864729] cloud-init[675]: ci-info: |   1   |   10.0.2.0  | 0.0.0.0  |  255.255.255.0  |   enp0s3  |   U   |
[   14.865871] cloud-init[675]: ci-info: |   2   |   10.0.2.2  | 0.0.0.0  | 255.255.255.255 |   enp0s3  |   UH  |
[   14.866976] cloud-init[675]: ci-info: +-------+-------------+----------+-----------------+-----------+-------+
[   14.867757] cloud-init[675]: ci-info: +++++++++++++++++++Route IPv6 info+++++++++++++++++++
[   14.868455] cloud-init[675]: ci-info: +-------+-------------+---------+-----------+-------+
[   14.869186] cloud-init[675]: ci-info: | Route | Destination | Gateway | Interface | Flags |
[   14.869922] cloud-init[675]: ci-info: +-------+-------------+---------+-----------+-------+
[   14.870674] cloud-init[675]: ci-info: |   1   |  fe80::/64  |    ::   |   enp0s3  |   U   |
[   14.872323] cloud-init[675]: ci-info: |   3   |    local    |    ::   |   enp0s3  |   U   |
[   14.873216] cloud-init[675]: ci-info: |   4   |   ff00::/8  |    ::   |   enp0s3  |   U   |
[   14.873981] cloud-init[675]: ci-info: +-------+-------------+---------+-----------+-------+
[   20.468006] cloud-init[675]: Generating public/private rsa key pair.
[   20.468824] cloud-init[675]: Your identification has been saved in /etc/ssh/ssh_host_rsa_key.
[   20.469728] cloud-init[675]: Your public key has been saved in /etc/ssh/ssh_host_rsa_key.pub.
[   20.470637] cloud-init[675]: The key fingerprint is:
[   20.471166] cloud-init[675]: SHA256:298WNUQqyIUvp6KEzaC2IAKiAhYaN/p/UFJnqt7F0+Y root@ubuntu-bionic
[   20.472134] cloud-init[675]: The key's randomart image is:
[   20.472690] cloud-init[675]: +---[RSA 2048]----+
[   20.473204] cloud-init[675]: |          ..  .. |
[   20.473700] cloud-init[675]: |..o   . +.o   .. |
[   20.474282] cloud-init[675]: |.+.. . + o.. ..  |
[   20.476093] cloud-init[675]: |*. .. o  . o.  ..|
[   20.476762] cloud-init[675]: |*.. =+ .S.+    ..|
[   20.480165] cloud-init[675]: |*o..o+ .++o   .  |
[   20.480723] cloud-init[675]: |* .o.o..o+.    . |
[   20.481325] cloud-init[675]: | .  o.o   E. ..  |
[   20.481914] cloud-init[675]: |     .      ...  |
[   20.484145] cloud-init[675]: +----[SHA256]-----+
[   20.484773] cloud-init[675]: Generating public/private dsa key pair.
[   20.488204] cloud-init[675]: Your identification has been saved in /etc/ssh/ssh_host_dsa_key.
[   20.489160] cloud-init[675]: Your public key has been saved in /etc/ssh/ssh_host_dsa_key.pub.
[   20.490012] cloud-init[675]: The key fingerprint is:
[   20.490566] cloud-init[675]: SHA256:HGgcmJsk2nwSc9ol6qC7sZ+qTHzGJudIATZlg8MyJZ8 root@ubuntu-bionic
[   20.491539] cloud-init[675]: The key's randomart image is:
[   20.492167] cloud-init[675]: +---[DSA 1024]----+
[   20.496222] cloud-init[675]: |o.o+ o.          |
[   20.496828] cloud-init[675]: |o**.B..o         |
[   20.497514] cloud-init[675]: |oBEX =+ .        |
[   20.498281] cloud-init[675]: |= B =. . .       |
[   20.499023] cloud-init[675]: |.+ o    S        |
[   20.500293] cloud-init[675]: |o +              |
[   20.504174] cloud-init[675]: |.* *             |
[   20.504867] cloud-init[675]: |=oO.             |
[   20.505482] cloud-init[675]: |**o.             |
[   20.506146] cloud-init[675]: +----[SHA256]-----+
[   20.506773] cloud-init[675]: Generating public/private ecdsa key pair.
[   20.523967] cloud-init[675]: Your identification has been saved in /etc/ssh/ssh_host_ecdsa_key.
[   20.525084] cloud-init[675]: Your public key has been saved in /etc/ssh/ssh_host_ecdsa_key.pub.
[   20.526051] cloud-init[675]: The key fingerprint is:
[   20.526776] cloud-init[675]: SHA256:F0ocRahz5C09k1xHvf5lbt/TzYuaku0yg76jONVuVVk root@ubuntu-bionic
[   20.527742] cloud-init[675]: The key's randomart image is:
[   20.528530] cloud-init[675]: +---[ECDSA 256]---+
[   20.529138] cloud-init[675]: |        .+o  ... |
[   20.529772] cloud-init[675]: |       .o.  .E. .|
[   20.530438] cloud-init[675]: |       +o+.oo.  .|
[   20.531022] cloud-init[675]: |      o.+.B+   . |
[   20.531727] cloud-init[675]: |      .oS.oo  .  |
[   20.532414] cloud-init[675]: |     . . o     .o|
[   20.536167] cloud-init[675]: |    . . o o    +=|
[   20.536801] cloud-init[675]: |   ..  = * .. ..O|
[   20.537367] cloud-init[675]: |   ...+oo *+.. o*|
[   20.537934] cloud-init[675]: +----[SHA256]-----+
[   20.538479] cloud-init[675]: Generating public/private ed25519 key pair.
[   20.540099] cloud-init[675]: Your identification has been saved in /etc/ssh/ssh_host_ed25519_key.
[   20.544187] cloud-init[675]: Your public key has been saved in /etc/ssh/ssh_host_ed25519_key.pub.
[   20.544901] cloud-init[675]: The key fingerprint is:
[   20.545510] cloud-init[675]: SHA256:qW0OXrBD8NWUpj7NVSw4Ol3D5LttgiEfyUkTvVm4zBw root@ubuntu-bionic
[   20.546397] cloud-init[675]: The key's randomart image is:
[[0;32m  OK  [0m[   20.560227] cloud-init[675]: +--[ED25519 256]--+
[   20.560765] cloud-init[675]: |          o*.o   |
[   20.561291] cloud-init[675]: |         o=oE +  |
[   20.561722] cloud-init[675]: |    .   .=+*.X   |
[   20.562248] cloud-init[675]: |     o .++.+O.   |
[   20.562719] cloud-init[675]: |      +.S+*..    |
[   20.563203] cloud-init[675]: |     . =ooo+ o   |
[   20.563663] cloud-init[675]: |      = +.o o o  |] Started Initial cloud-init job (metadata service crawler).
[[0;32m  OK  [0m] Reached target Cloud-config availability.
[[0;32m  OK  [0m] Reached target System Initialization.
[[0;32m  OK  [0m] Listening on UUID daemon activation socket.
         Starting Socket activation for snappy daemon.
[[0;32m  OK  [0m] Started Message of the Day.
[[0;32m  OK  [0m] Listening on D-Bus System Message Bus Socket.
[[0;32m  OK  [0m] Started Discard unused blocks once a week.

         Starting LXD - unix socket.
[   20.591849] [[0;32m  OK  [0m] Started Daily Cleanup of Temporary Directories.
cloud-init[675]: |     . *     o   |
[   20.594972] cloud-init[675]: |      . .        |
[[0;32m  OK  [0m] Started ACPI Events Check.
[   20.612047] cloud-init[675]: +----[SHA256]-----+
[[0;32m  OK  [0m] Reached target Paths.
[[0;32m  OK  [0m] Listening on ACPID Listen Socket.
[[0;32m  OK  [0m] Started Daily apt download activities.
[[0;32m  OK  [0m] Started Daily apt upgrade and clean activities.
[[0;32m  OK  [0m] Reached target Timers.
[[0;32m  OK  [0m] Listening on Open-iSCSI iscsid Socket.
[[0;32m  OK  [0m] Reached target Network is Online.
         Starting Availability of block devices...
[[0;32m  OK  [0m] Reached target Remote File Systems (Pre).
[[0;32m  OK  [0m] Reached target Remote File Systems.
[[0;32m  OK  [0m] Listening on Socket activation for snappy daemon.
[[0;32m  OK  [0m] Listening on LXD - unix socket.
[[0;32m  OK  [0m] Reached target Sockets.
[[0;32m  OK  [0m] Reached target Basic System.
         Starting Dispatcher daemon for systemd-networkd...
         Starting LSB: Record successful boot for GRUB...
[[0;32m  OK  [0m] Started FUSE filesystem for LXC.
[[0;32m  OK  [0m] Started Regular background program processing daemon.
         Starting Permit User Sessions...
         Starting Accounts Service...
         Starting LSB: automatic crash report generation...
         Starting Virtualbox guest utils...
         Starting Login Service...
[[0;32m  OK  [0m] Started irqbalance daemon.
[[0;32m  OK  [0m] Started Deferred execution scheduler.
[[0;32m  OK  [0m] Started D-Bus System Message Bus.
[[0;32m  OK  [0m] Started Login Service.
[[0;32m  OK  [0m] Started Unattended Upgrades Shutdown.
         Starting LXD - container startup/shutdown...
         Starting Snappy daemon...
         Starting System Logging Service...
         Starting Pollinate to seed the pseudo random number generator...
[[0;32m  OK  [0m] Started Availability of block devices.
[[0;32m  OK  [0m] Started Permit User Sessions.
         Starting Authorization Manager...
         Starting Terminate Plymouth Boot Screen...
         Starting Hold until boot process finishes up...
[[0;32m  OK  [0m] Started Hold until boot process finishes up.
         Starting Set console scheme...
[[0;32m  OK  [0m] Started Serial Getty on ttyS0.
[[0;32m  OK  [0m] Started Terminate Plymouth Boot Screen.
[[0;32m  OK  [0m] Started Set console scheme.
[[0;32m  OK  [0m] Created slice system-getty.slice.
[[0;32m  OK  [0m] Started Getty on tty1.
[[0;32m  OK  [0m] Reached target Login Prompts.
[[0;32m  OK  [0m] Started LSB: automatic crash report generation.
[[0;32m  OK  [0m] Started System Logging Service.
[[0;32m  OK  [0m] Started Authorization Manager.
[[0;32m  OK  [0m] Started Accounts Service.
[[0;32m  OK  [0m] Started LSB: Record successful boot for GRUB.
[[0;32m  OK  [0m] Started Virtualbox guest utils.
[[0;32m  OK  [0m] Started Dispatcher daemon for systemd-networkd.
[[0;32m  OK  [0m] Started LXD - container startup/shutdown.
[[0;32m  OK  [0m] Started Snappy daemon.
         Starting Wait until snapd is fully seeded...
[[0;32m  OK  [0m] Started Pollinate to seed the pseudo random number generator.
         Starting OpenBSD Secure Shell server...
[[0;32m  OK  [0m] Started OpenBSD Secure Shell server.
[[0;32m  OK  [0m] Created slice User Slice of vagrant.
         Starting User Manager for UID 1000...
[[0;32m  OK  [0m] Started Session 1 of user vagrant.
[[0;32m  OK  [0m] Started User Manager for UID 1000.

Ubuntu 18.04.4 LTS ubuntu-bionic ttyS0

ubuntu-bionic login: [   29.626544] cloud-init[1384]: Cloud-init v. 19.4-33-gbb4131a2-0ubuntu1~18.04.1 running 'modules:config' at Sat, 30 May 2020 08:49:27 +0000. Up 28.32 seconds.
ci-info: no authorized SSH keys fingerprints found for user ubuntu.
<14>May 30 08:49:29 ec2: 
<14>May 30 08:49:29 ec2: #############################################################
<14>May 30 08:49:29 ec2: -----BEGIN SSH HOST KEY FINGERPRINTS-----
<14>May 30 08:49:29 ec2: 1024 SHA256:HGgcmJsk2nwSc9ol6qC7sZ+qTHzGJudIATZlg8MyJZ8 root@ubuntu-bionic (DSA)
<14>May 30 08:49:29 ec2: 256 SHA256:F0ocRahz5C09k1xHvf5lbt/TzYuaku0yg76jONVuVVk root@ubuntu-bionic (ECDSA)
<14>May 30 08:49:29 ec2: 256 SHA256:qW0OXrBD8NWUpj7NVSw4Ol3D5LttgiEfyUkTvVm4zBw root@ubuntu-bionic (ED25519)
<14>May 30 08:49:29 ec2: 2048 SHA256:298WNUQqyIUvp6KEzaC2IAKiAhYaN/p/UFJnqt7F0+Y root@ubuntu-bionic (RSA)
<14>May 30 08:49:29 ec2: -----END SSH HOST KEY FINGERPRINTS-----
<14>May 30 08:49:29 ec2: #############################################################
-----BEGIN SSH HOST KEY KEYS-----
ecdsa-sha2-nistp256 AAAAE2VjZHNhLXNoYTItbmlzdHAyNTYAAAAIbmlzdHAyNTYAAABBBJ0y7n+6cKqgARKIMuM3jBHRvqJHCzOyKzuXUJH+FH9n6l5WOsYTwNWJ5FPFtGfRFHpMlDo+9UhpvrE/ipIS4i4= root@ubuntu-bionic
ssh-ed25519 AAAAC3NzaC1lZDI1NTE5AAAAIMUaCiMXPBMkpNuSaoMLhL2VtEkwJPj6sZ+HzR0DSbP7 root@ubuntu-bionic
ssh-rsa AAAAB3NzaC1yc2EAAAADAQABAAABAQDYp5TGEmXsBqq/fBhGxzuAqR3137y95UfUPXWNDaVJUPz8Bdi2raIht7HvPDxjZNYveTzOGJKbE/vIzDNqDUQ4vEbAh1P2e0vOsSLoLf0at7hCpKH0QebhiczmP2Wp8GmBV2h2D9WAQKP1LDi1eq4mxJSncbenbEz7c44quAKFoAUbFWaMyZEyJYfj33kwWF7RHeeD+db7/jVASWjp7tExeMiKcL55lSLXvO5s6nzqnYZOrS3Qo8zaRaoDyiA2aUN+/u8bs8ThmZpL5eGH9pWc13DRXqkIjJCDZAh+yxZUTwhdHKZXLeCEJ6qr4zm1Pi/yq2ZD5gH+J2jr2TxnKTAT root@ubuntu-bionic
-----END SSH HOST KEY KEYS-----
[   30.315073] cloud-init[1553]: Cloud-init v. 19.4-33-gbb4131a2-0ubuntu1~18.04.1 running 'modules:final' at Sat, 30 May 2020 08:49:28 +0000. Up 30.07 seconds.
[   30.316640] cloud-init[1553]: ci-info: no authorized SSH keys fingerprints found for user ubuntu.
[   30.317708] cloud-init[1553]: Cloud-init v. 19.4-33-gbb4131a2-0ubuntu1~18.04.1 finished at Sat, 30 May 2020 08:49:29 +0000. Datasource DataSourceNoCloud [seed=/dev/sdb][dsmode=net].  Up 30.30 seconds
